// Jest Snapshot v1, https://goo.gl/fbAQLP

exports[`matches snapshot 1`] = `
<DocumentFragment>
  <div
    class="MuiGrid-root makeStyles-root-3 MuiGrid-container MuiGrid-direction-xs-column"
  >
    <div
      class="MuiGrid-root MuiGrid-container MuiGrid-item"
    >
      <div
        class="MuiGrid-root MuiGrid-item MuiGrid-grid-xs-auto MuiGrid-grid-sm-1 MuiGrid-grid-md-2"
      />
      <div
        class="MuiGrid-root MuiGrid-item MuiGrid-grid-xs-12 MuiGrid-grid-sm-10 MuiGrid-grid-md-8"
      >
        <div
          class="makeStyles-root-4"
        />
      </div>
      <div
        class="MuiGrid-root MuiGrid-item MuiGrid-grid-xs-auto MuiGrid-grid-sm-1 MuiGrid-grid-md-2"
      />
    </div>
  </div>
</DocumentFragment>
`;
