// Jest Snapshot v1, https://goo.gl/fbAQLP

exports[`matches snapshot 1`] = `
<DocumentFragment>
  <div
    class="makeStyles-root-3"
  >
    <img
      class="makeStyles-media-4"
    />
  </div>
</DocumentFragment>
`;
